<html>
<body>
<pre>
<h1>µVision Build Log</h1>
<h2>Tool Versions:</h2>
IDE-Version: µVision V5.39.0.0
Copyright (C) 2023 ARM Ltd and ARM Germany GmbH. All rights reserved.
License Information: Pablo Landriz, UCSB, LIC=----
 
Tool Versions:
Toolchain:       MDK-Lite  Version: 5.39.0.0
Toolchain Path:  C:\Keil_v5\ARM\ARMCLANG\Bin
C Compiler:      ArmClang.exe V6.21
Assembler:       Armasm.exe V6.21
Linker/Locator:  ArmLink.exe V6.21
Library Manager: ArmAr.exe V6.21
Hex Converter:   FromElf.exe V6.21
CPU DLL:         SARMCM3.DLL V5.39.0.0
Dialog DLL:      DCM.DLL V1.17.5.0
Target DLL:      STLink\ST-LINKIII-KEIL_SWO.dll V3.2.0.0
Dialog DLL:      TCM.DLL V1.56.4.0
 
<h2>Project:</h2>
C:\Users\dmaharjan\Documents\GitHub\ECE153B\Template_L4\Template_L4\L4A\project.uvprojx
Project File Date:  06/04/2025

<h2>Output:</h2>
*** Using Compiler 'V6.21', folder: 'C:\Keil_v5\ARM\ARMCLANG\Bin'
Build target 'Target 1'
src/main.c(10): warning: In file included from...
src/stm32l476xx.h(12): warning: invalid UTF-8 in comment [-Winvalid-utf8]
   12 |   *           - Macros to access peripheral<92>s registers hardware
      |                                            ^
src/main.c(81): warning: no newline at end of file [-Wnewline-eof]
   81 |  }
      |   ^
src/main.c(46): warning: mixing declarations and code is incompatible with standards before C99 [-Wdeclaration-after-statement]
   46 |          char cmd;
      |               ^
3 warnings generated.
compiling main.c...
src/SysClock.c(1): warning: In file included from...
src/SysClock.h(4): warning: In file included from...
src/stm32l476xx.h(12): warning: invalid UTF-8 in comment [-Winvalid-utf8]
   12 |   *           - Macros to access peripheral<92>s registers hardware
      |                                            ^
1 warning generated.
compiling SysClock.c...
src/LED.c(9): warning: In file included from...
src/LED.h(4): warning: In file included from...
src/stm32l476xx.h(12): warning: invalid UTF-8 in comment [-Winvalid-utf8]
   12 |   *           - Macros to access peripheral<92>s registers hardware
      |                                            ^
1 warning generated.
compiling LED.c...
src/UART.c(10): warning: In file included from...
src/UART.h(4): warning: In file included from...
src/stm32l476xx.h(12): warning: invalid UTF-8 in comment [-Winvalid-utf8]
   12 |   *           - Macros to access peripheral<92>s registers hardware
      |                                            ^
src/UART.c(71): warning: signed shift result (0xF0000000) sets the sign bit of the shift expression's type ('int') and becomes negative [-Wshift-sign-overflow]
   71 |          GPIOB->AFR[0] &= ~((0xF << (6 * 4)) | (0xF << (7 * 4)));
      |                                                 ~~~ ^  ~~~~~~~
src/UART.c(90): warning: implicit conversion changes signedness: 'int' to 'uint32_t' (aka 'unsigned int') [-Wsign-conversion]
   90 |          GPIOA->AFR[0] &= ~((0xF << (2 * 4)) | (0xF << (3 * 4)));
      |                        ~~ ^~~~~~~~~~~~~~~~~~~~~~~~~~~~~~~~~~~~~~
src/UART.c(145): warning: no newline at end of file [-Wnewline-eof]
  145 |  }
      |   ^
src/UART.c(134): warning: unsafe buffer access [-Wunsafe-buffer-usage]
  134 |                  USARTx->TDR = buffer[i] & 0xFF;
      |                                ^~~~~~
5 warnings generated.
compiling UART.c...
src/UART_printf.c(1): warning: In file included from...
src/UART.h(4): warning: In file included from...
src/stm32l476xx.h(12): warning: invalid UTF-8 in comment [-Winvalid-utf8]
   12 |   *           - Macros to access peripheral<92>s registers hardware
      |                                            ^
src/UART_printf.c(14): warning: unused parameter 'f' [-Wunused-parameter]
   14 | int fputc(int ch, FILE *f) { 
      |                         ^
src/UART_printf.c(23): warning: unused parameter 'f' [-Wunused-parameter]
   23 | int fgetc(FILE *f) {  
      |                 ^
3 warnings generated.
compiling UART_printf.c...
linking...
Program Size: Code=16120 RO-data=1116 RW-data=0 ZI-data=1800  
FromELF: creating hex file...
".\Objects\project.axf" - 0 Error(s), 13 Warning(s).

<h2>Software Packages used:</h2>

Package Vendor: ARM
                https://www.keil.com/pack/ARM.CMSIS.6.1.0.pack
                ARM::CMSIS@6.1.0
                CMSIS (Common Microcontroller Software Interface Standard)
   * Component: CORE Version: 6.1.0

Package Vendor: Keil
                https://www.keil.com/pack/Keil.STM32L4xx_DFP.2.7.0.pack
                Keil::STM32L4xx_DFP@2.7.0
                STMicroelectronics STM32L4 Series Device Support, Drivers and Examples

<h2>Collection of Component include folders:</h2>
  ./RTE/_Target_1
  C:/Keil_v5/Packs/ARM/CMSIS/6.1.0/CMSIS/Core/Include
  C:/Keil_v5/Packs/Keil/STM32L4xx_DFP/2.7.0/Drivers/CMSIS/Device/ST/STM32L4xx/Include

<h2>Collection of Component Files used:</h2>

   * Component: ARM::CMSIS:CORE@6.1.0
Build Time Elapsed:  00:00:01
</pre>
</body>
</html>
